// Jest Snapshot v1, https://goo.gl/fbAQLP

exports[`test Header should take the snapshot 1`] = `
<body>
  <div>
    <div
      class="sc-jXbUNg eWkAXN"
      id="about"
    >
      <nav
        class="sc-dhKdcB kyuFJC"
      >
        <button
          class="sc-kAyceB vlONZ"
        >
          <div
            class="sc-imWYAI jxbXiK"
          />
          <img
            height="13"
            src="[object Object]"
            width="13"
          />
          <img
            height="15"
            src="[object Object]"
            width="15"
          />
        </button>
        <button
          class="sc-jlZhew fzAHDC"
          style="margin-left: 15px; padding: 0px;"
        >
          <img
            alt="Language flag En"
            height="22"
            src="test-file-stub"
            style="margin-left: 3px;"
            width="24"
          />
        </button>
      </nav>
    </div>
    <header
      class="sc-kpDqfm loVOVT"
    >
      <nav
        class="sc-dhKdcB fRyLRL"
      >
        <h1
          style="margin: auto 15px auto 0px; display: flex;"
        >
          <img
            height="40"
            src="[object Object]"
            width="35"
          />
        </h1>
        <nav>
          <ul
            class="sc-dcJsrY gmuWzF"
          >
            <li
              class="sc-iGgWBj btkQbK"
              data-testid="nav-navigation.home"
            >
              <a
                aria-current="page"
                class="sc-gsFSXq gCFTJR active"
                href="/"
              >
                navigation.home
              </a>
            </li>
            <li
              class="sc-iGgWBj btkQbK"
              data-testid="nav-navigation.content"
            >
              <a
                class="sc-gsFSXq gCFTJR"
                href="/content"
              >
                navigation.content
              </a>
            </li>
            <li
              class="sc-iGgWBj btkQbK"
              data-testid="nav-navigation.contact"
            >
              <a
                class="sc-gsFSXq gCFTJR"
                href="/contact"
              >
                navigation.contact
              </a>
            </li>
          </ul>
        </nav>
        <button
          class="sc-aXZVg Gvapt"
          data-testid="button-hamburger"
          type="button"
        >
          <div
            class="sc-gEvEer cfdbZP"
          />
          <div
            class="sc-gEvEer sc-eqUAAy cfdbZP giEXpz"
          />
          <div
            class="sc-gEvEer sc-fqkvVR cfdbZP eJjnVN"
          />
        </button>
      </nav>
    </header>
    <div
      class="sc-dAlyuH hNVXph"
    >
      <nav>
        <ul
          class="sc-dcJsrY gJZbaZ"
        >
          <li
            class="sc-iGgWBj dwxSLc"
            data-testid="nav-navigation.home"
          >
            <a
              aria-current="page"
              class="sc-gsFSXq gCFTJR active"
              href="/"
            >
              navigation.home
            </a>
          </li>
          <li
            class="sc-iGgWBj dwxSLc"
            data-testid="nav-navigation.content"
          >
            <a
              class="sc-gsFSXq gCFTJR"
              href="/content"
            >
              navigation.content
            </a>
          </li>
          <li
            class="sc-iGgWBj dwxSLc"
            data-testid="nav-navigation.contact"
          >
            <a
              class="sc-gsFSXq gCFTJR"
              href="/contact"
            >
              navigation.contact
            </a>
          </li>
        </ul>
      </nav>
    </div>
  </div>
</body>
`;
