// Jest Snapshot v1, https://goo.gl/fbAQLP

exports[`test Landing should take and matches the snapshot 1`] = `
<DocumentFragment>
  <div
    class="sc-aXZVg fsLxDa"
  >
    <div
      class="sc-gEvEer jFVmOh"
    >
      <h1>
        appName
      </h1>
      <a
        class="sc-eqUAAy cmXSxf"
        href="/content"
      >
        pages.landing.button
      </a>
    </div>
  </div>
</DocumentFragment>
`;
