// Jest Snapshot v1, https://goo.gl/fbAQLP

exports[`test Content should take and matches the snapshot 1`] = `
<DocumentFragment>
  <div
    class="sc-jlZhew dxCNyp"
  >
    <section
      class="sc-dAlyuH bZWaEy"
    >
      <h2
        class="sc-kpDqfm gWZOTg"
        data-testid="section-title"
      >
        pages.content.title
      </h2>
      <p
        class="sc-cwHptR izyYR"
      >
        pages.content.description
      </p>
      <div
        class="sc-cPiKLX kkZFtw"
      >
        <div
          class="sc-jXbUNg hQcIHN"
        >
          <svg
            class="sc-dhKdcB dtPfqK spinner"
            data-testid="spinner"
            height="50px"
            version="1.1"
            viewBox="0 0 80 80"
            width="50px"
            x="0px"
            xml:space="preserve"
            xmlns="http://www.w3.org/2000/svg"
            xmlns:xlink="http://www.w3.org/1999/xlink"
            y="0px"
          >
            <path
              d="M40,72C22.4,72,8,57.6,8,40C8,22.4, 22.4,8,40,8c17.6,0,32,14.4,32,32c0,1.1-0.9,2-2,2 s-2-0.9-2-2c0-15.4-12.6-28-28-28S12,24.6,12,40s12.6, 28,28,28c1.1,0,2,0.9,2,2S41.1,72,40,72z"
              fill="#1677ff"
              id="spinner"
            />
          </svg>
        </div>
      </div>
    </section>
  </div>
</DocumentFragment>
`;
